** Drc report for psx-sio.kicad_pcb **
** Created on 2024-07-08T21:02:53+1000 **

** Found 0 DRC violations **

** Found 0 unconnected pads **

** Found 4 Footprint errors **
[net_conflict]: Pad net (unconnected-(J1-SHIELD-PadS1)_1) doesn't match net given by schematic (unconnected-(J1-SHIELD-PadS1)).
    Local override; warning
    @(156.8200 mm, 98.9950 mm): PTH pad S1 [unconnected-(J1-SHIELD-PadS1)_1] of J1
[net_conflict]: Pad net (unconnected-(J1-SHIELD-PadS1)_1) doesn't match net given by schematic (unconnected-(J1-SHIELD-PadS1)).
    Local override; warning
    @(156.8200 mm, 94.8150 mm): PTH pad S1 [unconnected-(J1-SHIELD-PadS1)_1] of J1
[net_conflict]: Pad net (unconnected-(J1-SHIELD-PadS1)_1) doesn't match net given by schematic (unconnected-(J1-SHIELD-PadS1)).
    Local override; warning
    @(148.1800 mm, 98.9950 mm): PTH pad S1 [unconnected-(J1-SHIELD-PadS1)_1] of J1
[net_conflict]: Pad net (unconnected-(J1-SHIELD-PadS1)_1) doesn't match net given by schematic (unconnected-(J1-SHIELD-PadS1)).
    Local override; warning
    @(148.1800 mm, 94.8150 mm): PTH pad S1 [unconnected-(J1-SHIELD-PadS1)_1] of J1

** End of Report **
